TEST_FAILURE_1
Name: DxMessaging.Tests.Runtime.Core.MutationPostProcessorMoreTests.AddManyPostProcessorsDuringHandlerNoneRunInSameEmission(Broadcast)
Message:   [Broadcast] Original post-processor must run exactly once on first emission. originalPpCount=0.
  Expected: 1
  But was:  0

Stack Trace:
at DxMessaging.Tests.Runtime.Core.MutationPostProcessorMoreTests+<AddManyPostProcessorsDuringHandlerNoneRunInSameEmission>d__5.MoveNext () [0x0010f] in .\Packages\com.wallstop-studios.dxmessaging\Tests\Runtime\Core\MutationPostProcessorMoreTests.cs:288
at UnityEngine.TestTools.TestEnumerator+<Execute>d__7.MoveNext () [0x0003a] in .\Library\PackageCache\com.unity.test-framework@1.1.33\UnityEngine.TestRunner\NUnitExtensions\Attributes\TestEnumerator.cs:46


---

TEST_FAILURE_2
Name: DxMessaging.Tests.Runtime.Core.MutationPostProcessorMoreTests.AddPostProcessorAtDifferentPriorityDuringHandlerDoesNotRunInSameEmission(Broadcast)
Message:   [Broadcast] Original post-processor must run exactly once on first emission. originalPpCount=0, newPpCount=0.
  Expected: 1
  But was:  0

Stack Trace:
at DxMessaging.Tests.Runtime.Core.MutationPostProcessorMoreTests+<AddPostProcessorAtDifferentPriorityDuringHandlerDoesNotRunInSameEmission>d__4.MoveNext () [0x00103] in .\Packages\com.wallstop-studios.dxmessaging\Tests\Runtime\Core\MutationPostProcessorMoreTests.cs:196
at UnityEngine.TestTools.TestEnumerator+<Execute>d__7.MoveNext () [0x0003a] in .\Library\PackageCache\com.unity.test-framework@1.1.33\UnityEngine.TestRunner\NUnitExtensions\Attributes\TestEnumerator.cs:46


---

TEST_FAILURE_3
Name: DxMessaging.Tests.Runtime.Core.MutationPostProcessorMoreTests.AddPostProcessorDuringHandlerDoesNotRunInSameEmission(Broadcast)
Message:   [Broadcast] Original post-processor must run exactly once on first emission. originalPpCount=0, newPpCount=0.
  Expected: 1
  But was:  0

Stack Trace:
at DxMessaging.Tests.Runtime.Core.MutationPostProcessorMoreTests+<AddPostProcessorDuringHandlerDoesNotRunInSameEmission>d__3.MoveNext () [0x00103] in .\Packages\com.wallstop-studios.dxmessaging\Tests\Runtime\Core\MutationPostProcessorMoreTests.cs:105
at UnityEngine.TestTools.TestEnumerator+<Execute>d__7.MoveNext () [0x0003a] in .\Library\PackageCache\com.unity.test-framework@1.1.33\UnityEngine.TestRunner\NUnitExtensions\Attributes\TestEnumerator.cs:46


---

TEST_FAILURE_4
Name: DxMessaging.Tests.Runtime.Core.MutationPostProcessorMoreTests.AddPostProcessorOnDifferentMessageHandlerDuringHandler(Broadcast)
Message:   [Broadcast] Existing PP must fire once on first emission. existingPpCount=0, newPpCount=0.
  Expected: 1
  But was:  0

Stack Trace:
at DxMessaging.Tests.Runtime.Core.MutationPostProcessorMoreTests+<AddPostProcessorOnDifferentMessageHandlerDuringHandler>d__6.MoveNext () [0x00160] in .\Packages\com.wallstop-studios.dxmessaging\Tests\Runtime\Core\MutationPostProcessorMoreTests.cs:397
at UnityEngine.TestTools.TestEnumerator+<Execute>d__7.MoveNext () [0x0003a] in .\Library\PackageCache\com.unity.test-framework@1.1.33\UnityEngine.TestRunner\NUnitExtensions\Attributes\TestEnumerator.cs:46

